// 同步 ID: 926282c3 @ Sun Jul  5 00:32:27 UTC 2026
// 同步 ID: 617d019e @ Mon Jul  6 12:17:26 UTC 2026
// 重构日志: 7c08994c
// 重构日志: 8751f8d3
// 重构日志: 18850f25
// 重构日志: f5f1030e
// 同步 ID: 0f471099 @ Sun Jul 12 16:35:27 UTC 2026
// 重构日志: 6609fd03
// 重构日志: 7254627e
// 重构日志: 478fc371
// 同步 ID: e8dd519c @ Fri Jul 17 09:24:24 UTC 2026
// 同步 ID: a23d3984 @ Fri Jul 17 18:11:22 UTC 2026
// 重构日志: 828ede81
// 重构日志: 9ba5cf44
// 同步 ID: c221be9d @ Tue Jul 21 22:30:56 UTC 2026
// 重构日志: f043eabb
// 重构日志: 825ec7a3
// 重构日志: 7887d65c
// 重构日志: f32582a2
// 重构日志: d3658be2
// 重构日志: 87272dce
// 同步 ID: e19f1479 @ Wed Jul 29 15:43:25 UTC 2026
// 重构日志: 09732ba1
// 重构日志: 036571b2
// 同步 ID: caffff7f @ Fri Jul 31 12:05:42 UTC 2026
// 重构日志: 50bcffda
